TAP version 13
# Subtest: test/helpers.mjs
ok 1 - test/helpers.mjs
  ---
  duration_ms: 37.432
  type: 'test'
  ...
# Subtest: existing Fold module handles preview, scoped approval, archive and distinct restore
ok 2 - existing Fold module handles preview, scoped approval, archive and distinct restore
  ---
  duration_ms: 754.17125
  type: 'test'
  ...
# Subtest: Fold rejects approval after source state changes and never archives newly active thread
ok 3 - Fold rejects approval after source state changes and never archives newly active thread
  ---
  duration_ms: 380.794417
  type: 'test'
  ...
# Subtest: changed plan digest and fabricated receipt are rejected
ok 4 - changed plan digest and fabricated receipt are rejected
  ---
  duration_ms: 193.127916
  type: 'test'
  ...
# Subtest: partial Fold changes stay partial and protected representative remains visible
ok 5 - partial Fold changes stay partial and protected representative remains visible
  ---
  duration_ms: 310.425042
  type: 'test'
  ...
# Subtest: Graph adapter reads existing schema without migration or creating an absent database
ok 6 - Graph adapter reads existing schema without migration or creating an absent database
  ---
  duration_ms: 7.201666
  type: 'test'
  ...
# Subtest: Graph incompatible schema does not affect source or other services
ok 7 - Graph incompatible schema does not affect source or other services
  ---
  duration_ms: 2.111292
  type: 'test'
  ...
# Subtest: pinned module mismatch is blocked before importing it
ok 8 - pinned module mismatch is blocked before importing it
  ---
  duration_ms: 1.256292
  type: 'test'
  ...
# Subtest: existing Port module inspects synthetic package without extraction and rejects traversal
ok 9 - existing Port module inspects synthetic package without extraction and rejects traversal
  ---
  duration_ms: 27.667291
  type: 'test'
  ...
# Subtest: MCP negotiation, static schemas and errors do not leak execution authority
ok 10 - MCP negotiation, static schemas and errors do not leak execution authority
  ---
  duration_ms: 2.044083
  type: 'test'
  ...
# Subtest: stream handles malformed, fragmented, oversized messages and recovers for next request
ok 11 - stream handles malformed, fragmented, oversized messages and recovers for next request
  ---
  duration_ms: 2.853709
  type: 'test'
  ...
# Subtest: actual CLI and launcher run with runtime Node and read-only fresh project
ok 12 - actual CLI and launcher run with runtime Node and read-only fresh project
  ---
  duration_ms: 87.05825
  type: 'test'
  ...
# Subtest: fresh open creates no state, index or work and reports unavailable services
ok 13 - fresh open creates no state, index or work and reports unavailable services
  ---
  duration_ms: 2.879667
  type: 'test'
  ...
# Subtest: identity and canonical path cannot be silently rebound or fixture promoted
ok 14 - identity and canonical path cannot be silently rebound or fixture promoted
  ---
  duration_ms: 10.00975
  type: 'test'
  ...
# Subtest: context selection pins references, reason and observation time without reindexing
ok 15 - context selection pins references, reason and observation time without reindexing
  ---
  duration_ms: 31.38425
  type: 'test'
  ...
# Subtest: stale, wrong branch, unknown evidence and conflicts fail closed
ok 16 - stale, wrong branch, unknown evidence and conflicts fail closed
  ---
  duration_ms: 29.381583
  type: 'test'
  ...
# Subtest: dispatch checks pinned evidence again and does not apply changed revision
ok 17 - dispatch checks pinned evidence again and does not apply changed revision
  ---
  duration_ms: 56.584083
  type: 'test'
  ...
# Subtest: duplicate requests and response loss reconcile exactly one fixture operation across restart
ok 18 - duplicate requests and response loss reconcile exactly one fixture operation across restart
  ---
  duration_ms: 142.32425
  type: 'test'
  ...
# Subtest: unknown dispatch outcome never causes automatic replay
ok 19 - unknown dispatch outcome never causes automatic replay
  ---
  duration_ms: 82.284375
  type: 'test'
  ...
# Subtest: completion observations do not automatically start cleanup; disconnect is not success
ok 20 - completion observations do not automatically start cleanup; disconnect is not success
  ---
  duration_ms: 106.477916
  type: 'test'
  ...
# Subtest: old product observations are rejected
ok 21 - old product observations are rejected
  ---
  duration_ms: 73.96425
  type: 'test'
  ...
# Subtest: cancel followup retains successful work and running-work cancellation is separate
ok 22 - cancel followup retains successful work and running-work cancellation is separate
  ---
  duration_ms: 245.30925
  type: 'test'
  ...
# Subtest: workspace lock rejects concurrent writers, read still works, no auto lock stealing
ok 23 - workspace lock rejects concurrent writers, read still works, no auto lock stealing
  ---
  duration_ms: 9.873125
  type: 'test'
  ...
# Subtest: native mutation stays blocked even with fabricated approval and unknown generic commands
ok 24 - native mutation stays blocked even with fabricated approval and unknown generic commands
  ---
  duration_ms: 31.465792
  type: 'test'
  ...
# Subtest: component failure is isolated from usable status and other components
ok 25 - component failure is isolated from usable status and other components
  ---
  duration_ms: 9.177417
  type: 'test'
  ...
# Subtest: removing a gateway reference leaves fixture product operation running
ok 26 - removing a gateway reference leaves fixture product operation running
  ---
  duration_ms: 93.313708
  type: 'test'
  ...
# Subtest: symlink parents are rejected before any child directory is created
ok 27 - symlink parents are rejected before any child directory is created
  ---
  duration_ms: 5.984417
  type: 'test'
  ...
# Subtest: read-only review after product-data removal never seeds a replacement inventory
ok 28 - read-only review after product-data removal never seeds a replacement inventory
  ---
  duration_ms: 233.223417
  type: 'test'
  ...
1..28
# tests 28
# suites 0
# pass 28
# fail 0
# cancelled 0
# skipped 0
# todo 0
# duration_ms 1737.218875
